// Jest Snapshot v1, https://goo.gl/fbAQLP

exports[`Issues component should render a component with props as specified  1`] = `
<Card>
  <CardContent>
    <CardHeader
      className="ui center aligned"
    >
      Issues
    </CardHeader>
  </CardContent>
</Card>
`;
