// Jest Snapshot v1, https://goo.gl/fbAQLP

exports[`Milestones component should render a component with props as specified  1`] = `
<Card>
  <CardContent>
    <CardHeader
      className="ui center aligned"
    >
      Milestones
    </CardHeader>
  </CardContent>
  <Connect(Component)
    milestoneId={2601714}
  />
</Card>
`;
